*** EVALUATION ***
PROGRAM "E:\智能车\智能车2014.12.12\赛区赛终了版 --- - 要使用的（2014）\Project_2\bin\Project.abs"

*********************************************************************************************
TARGET SECTION
---------------------------------------------------------------------------------------------
Processor   : Freescale HC12
Memory Model: BANKED
File Format : ELF\DWARF 2.0
Linker      : SmartLinker V-5.0.40 Build 10203, Jul 23 2010

*********************************************************************************************
FILE SECTION
---------------------------------------------------------------------------------------------
MC9S12XS128.c.o                         Model: BANKED,        Lang: ANSI-C
Start12.c.o                             Model: BANKED,        Lang: ANSI-C
FADD.C.o (ansixb.lib)                   Model: BANKED,        Lang: ANSI-C
FCMP.C.o (ansixb.lib)                   Model: BANKED,        Lang: ANSI-C
FCONV.C.o (ansixb.lib)                  Model: BANKED,        Lang: ANSI-C
FMUL.C.o (ansixb.lib)                   Model: BANKED,        Lang: ANSI-C
FREGS.C.o (ansixb.lib)                  Model: BANKED,        Lang: ANSI-C
rtshc12.c.o (ansixb.lib)                Model: BANKED,        Lang: ANSI-C
VREGS.C.o (ansixb.lib)                  Model: BANKED,        Lang: ANSI-C
control.c.o                             Model: BANKED,        Lang: ANSI-C
main.c.o                                Model: BANKED,        Lang: ANSI-C
oled.c.o                                Model: BANKED,        Lang: ANSI-C
system_funtion.c.o                      Model: BANKED,        Lang: ANSI-C

*********************************************************************************************
STARTUP SECTION
---------------------------------------------------------------------------------------------
Entry point: 0xC000 (_Startup)
_startupData is allocated at 0xC00F and uses 6 Bytes
extern struct _tagStartup {
  unsigned nofZeroOut     1
  _Range   pZeroOut       0x2100     1502
  _Copy    *toCopyDownBeg 0xC9ED
} _startupData;

*********************************************************************************************
SECTION-ALLOCATION SECTION
Section Name                    Size  Type     From       To       Segment
---------------------------------------------------------------------------------------------
.init                             15     R     0xC000     0xC00E   ROM_C000
.startData                        10     R     0xC00F     0xC018   ROM_C000
.rodata                         1573     R     0xC019     0xC63D   ROM_C000
.rodata1                          35     R     0xC63E     0xC660   ROM_C000
NON_BANKED                       908     R     0xC661     0xC9EC   ROM_C000
.copy                             94     R     0xC9ED     0xCA4A   ROM_C000
.text                           5870     R   0xFE8000   0xFE96ED   PAGE_FE
.stack                           256   R/W     0x2000     0x20FF   RAM
.data                             89   R/W     0x2100     0x2158   RAM
.abs_section_8                     1   N/I        0x8        0x8   .absSeg0
.abs_section_9                     1   N/I        0x9        0x9   .absSeg1
.abs_section_b                     1   N/I        0xB        0xB   .absSeg2
.abs_section_c                     1   N/I        0xC        0xC   .absSeg3
.abs_section_d                     1   N/I        0xD        0xD   .absSeg4
.abs_section_10                    1   N/I       0x10       0x10   .absSeg5
.abs_section_11                    1   N/I       0x11       0x11   .absSeg6
.abs_section_13                    1   N/I       0x13       0x13   .absSeg7
.abs_section_15                    1   N/I       0x15       0x15   .absSeg8
.abs_section_16                    1   N/I       0x16       0x16   .absSeg9
.abs_section_17                    1   N/I       0x17       0x17   .absSeg10
.abs_section_1c                    1   N/I       0x1C       0x1C   .absSeg11
.abs_section_1e                    1   N/I       0x1E       0x1E   .absSeg12
.abs_section_20                    1   N/I       0x20       0x20   .absSeg13
.abs_section_21                    1   N/I       0x21       0x21   .absSeg14
.abs_section_22                    1   N/I       0x22       0x22   .absSeg15
.abs_section_23                    1   N/I       0x23       0x23   .absSeg16
.abs_section_26                    1   N/I       0x26       0x26   .absSeg17
.abs_section_27                    1   N/I       0x27       0x27   .absSeg18
.abs_section_28                    1   N/I       0x28       0x28   .absSeg19
.abs_section_29                    1   N/I       0x29       0x29   .absSeg20
.abs_section_2a                    1   N/I       0x2A       0x2A   .absSeg21
.abs_section_2b                    1   N/I       0x2B       0x2B   .absSeg22
.abs_section_2c                    1   N/I       0x2C       0x2C   .absSeg23
.abs_section_2d                    1   N/I       0x2D       0x2D   .absSeg24
.abs_section_2e                    1   N/I       0x2E       0x2E   .absSeg25
.abs_section_2f                    1   N/I       0x2F       0x2F   .absSeg26
.abs_section_32                    1   N/I       0x32       0x32   .absSeg27
.abs_section_33                    1   N/I       0x33       0x33   .absSeg28
.abs_section_34                    1   N/I       0x34       0x34   .absSeg29
.abs_section_35                    1   N/I       0x35       0x35   .absSeg30
.abs_section_36                    1   N/I       0x36       0x36   .absSeg31
.abs_section_37                    1   N/I       0x37       0x37   .absSeg32
.abs_section_38                    1   N/I       0x38       0x38   .absSeg33
.abs_section_39                    1   N/I       0x39       0x39   .absSeg34
.abs_section_3a                    1   N/I       0x3A       0x3A   .absSeg35
.abs_section_3b                    1   N/I       0x3B       0x3B   .absSeg36
.abs_section_3c                    1   N/I       0x3C       0x3C   .absSeg37
.abs_section_3f                    1   N/I       0x3F       0x3F   .absSeg38
.abs_section_40                    1   N/I       0x40       0x40   .absSeg39
.abs_section_41                    1   N/I       0x41       0x41   .absSeg40
.abs_section_42                    1   N/I       0x42       0x42   .absSeg41
.abs_section_43                    1   N/I       0x43       0x43   .absSeg42
.abs_section_46                    1   N/I       0x46       0x46   .absSeg43
.abs_section_47                    1   N/I       0x47       0x47   .absSeg44
.abs_section_48                    1   N/I       0x48       0x48   .absSeg45
.abs_section_49                    1   N/I       0x49       0x49   .absSeg46
.abs_section_4a                    1   N/I       0x4A       0x4A   .absSeg47
.abs_section_4b                    1   N/I       0x4B       0x4B   .absSeg48
.abs_section_4c                    1   N/I       0x4C       0x4C   .absSeg49
.abs_section_4d                    1   N/I       0x4D       0x4D   .absSeg50
.abs_section_4e                    1   N/I       0x4E       0x4E   .absSeg51
.abs_section_4f                    1   N/I       0x4F       0x4F   .absSeg52
.abs_section_60                    1   N/I       0x60       0x60   .absSeg53
.abs_section_61                    1   N/I       0x61       0x61   .absSeg54
.abs_section_6c                    1   N/I       0x6C       0x6C   .absSeg55
.abs_section_6e                    1   N/I       0x6E       0x6E   .absSeg56
.abs_section_ca                    1   N/I       0xCA       0xCA   .absSeg57
.abs_section_cb                    1   N/I       0xCB       0xCB   .absSeg58
.abs_section_cc                    1   N/I       0xCC       0xCC   .absSeg59
.abs_section_cd                    1   N/I       0xCD       0xCD   .absSeg60
.abs_section_ce                    1   N/I       0xCE       0xCE   .absSeg61
.abs_section_cf                    1   N/I       0xCF       0xCF   .absSeg62
.abs_section_d2                    1   N/I       0xD2       0xD2   .absSeg63
.abs_section_d3                    1   N/I       0xD3       0xD3   .absSeg64
.abs_section_d4                    1   N/I       0xD4       0xD4   .absSeg65
.abs_section_d5                    1   N/I       0xD5       0xD5   .absSeg66
.abs_section_d6                    1   N/I       0xD6       0xD6   .absSeg67
.abs_section_d7                    1   N/I       0xD7       0xD7   .absSeg68
.abs_section_d8                    1   N/I       0xD8       0xD8   .absSeg69
.abs_section_d9                    1   N/I       0xD9       0xD9   .absSeg70
.abs_section_da                    1   N/I       0xDA       0xDA   .absSeg71
.abs_section_db                    1   N/I       0xDB       0xDB   .absSeg72
.abs_section_100                   1   N/I      0x100      0x100   .absSeg73
.abs_section_101                   1   N/I      0x101      0x101   .absSeg74
.abs_section_102                   1   N/I      0x102      0x102   .absSeg75
.abs_section_103                   1   N/I      0x103      0x103   .absSeg76
.abs_section_104                   1   N/I      0x104      0x104   .absSeg77
.abs_section_105                   1   N/I      0x105      0x105   .absSeg78
.abs_section_106                   1   N/I      0x106      0x106   .absSeg79
.abs_section_107                   1   N/I      0x107      0x107   .absSeg80
.abs_section_108                   1   N/I      0x108      0x108   .absSeg81
.abs_section_109                   1   N/I      0x109      0x109   .absSeg82
.abs_section_110                   1   N/I      0x110      0x110   .absSeg83
.abs_section_121                   1   N/I      0x121      0x121   .absSeg84
.abs_section_126                   1   N/I      0x126      0x126   .absSeg85
.abs_section_127                   1   N/I      0x127      0x127   .absSeg86
.abs_section_128                   1   N/I      0x128      0x128   .absSeg87
.abs_section_129                   1   N/I      0x129      0x129   .absSeg88
.abs_section_12a                   1   N/I      0x12A      0x12A   .absSeg89
.abs_section_12b                   1   N/I      0x12B      0x12B   .absSeg90
.abs_section_12c                   1   N/I      0x12C      0x12C   .absSeg91
.abs_section_12d                   1   N/I      0x12D      0x12D   .absSeg92
.abs_section_12e                   1   N/I      0x12E      0x12E   .absSeg93
.abs_section_12f                   1   N/I      0x12F      0x12F   .absSeg94
.abs_section_140                   1   N/I      0x140      0x140   .absSeg95
.abs_section_141                   1   N/I      0x141      0x141   .absSeg96
.abs_section_142                   1   N/I      0x142      0x142   .absSeg97
.abs_section_143                   1   N/I      0x143      0x143   .absSeg98
.abs_section_144                   1   N/I      0x144      0x144   .absSeg99
.abs_section_145                   1   N/I      0x145      0x145   .absSeg100
.abs_section_146                   1   N/I      0x146      0x146   .absSeg101
.abs_section_147                   1   N/I      0x147      0x147   .absSeg102
.abs_section_148                   1   N/I      0x148      0x148   .absSeg103
.abs_section_149                   1   N/I      0x149      0x149   .absSeg104
.abs_section_14a                   1   N/I      0x14A      0x14A   .absSeg105
.abs_section_14b                   1   N/I      0x14B      0x14B   .absSeg106
.abs_section_14d                   1   N/I      0x14D      0x14D   .absSeg107
.abs_section_14e                   1   N/I      0x14E      0x14E   .absSeg108
.abs_section_14f                   1   N/I      0x14F      0x14F   .absSeg109
.abs_section_150                   1   N/I      0x150      0x150   .absSeg110
.abs_section_151                   1   N/I      0x151      0x151   .absSeg111
.abs_section_152                   1   N/I      0x152      0x152   .absSeg112
.abs_section_153                   1   N/I      0x153      0x153   .absSeg113
.abs_section_154                   1   N/I      0x154      0x154   .absSeg114
.abs_section_155                   1   N/I      0x155      0x155   .absSeg115
.abs_section_156                   1   N/I      0x156      0x156   .absSeg116
.abs_section_157                   1   N/I      0x157      0x157   .absSeg117
.abs_section_158                   1   N/I      0x158      0x158   .absSeg118
.abs_section_159                   1   N/I      0x159      0x159   .absSeg119
.abs_section_15a                   1   N/I      0x15A      0x15A   .absSeg120
.abs_section_15b                   1   N/I      0x15B      0x15B   .absSeg121
.abs_section_15c                   1   N/I      0x15C      0x15C   .absSeg122
.abs_section_15d                   1   N/I      0x15D      0x15D   .absSeg123
.abs_section_15e                   1   N/I      0x15E      0x15E   .absSeg124
.abs_section_15f                   1   N/I      0x15F      0x15F   .absSeg125
.abs_section_160                   1   N/I      0x160      0x160   .absSeg126
.abs_section_161                   1   N/I      0x161      0x161   .absSeg127
.abs_section_162                   1   N/I      0x162      0x162   .absSeg128
.abs_section_163                   1   N/I      0x163      0x163   .absSeg129
.abs_section_164                   1   N/I      0x164      0x164   .absSeg130
.abs_section_165                   1   N/I      0x165      0x165   .absSeg131
.abs_section_166                   1   N/I      0x166      0x166   .absSeg132
.abs_section_167                   1   N/I      0x167      0x167   .absSeg133
.abs_section_168                   1   N/I      0x168      0x168   .absSeg134
.abs_section_169                   1   N/I      0x169      0x169   .absSeg135
.abs_section_16a                   1   N/I      0x16A      0x16A   .absSeg136
.abs_section_16b                   1   N/I      0x16B      0x16B   .absSeg137
.abs_section_16c                   1   N/I      0x16C      0x16C   .absSeg138
.abs_section_170                   1   N/I      0x170      0x170   .absSeg139
.abs_section_171                   1   N/I      0x171      0x171   .absSeg140
.abs_section_172                   1   N/I      0x172      0x172   .absSeg141
.abs_section_173                   1   N/I      0x173      0x173   .absSeg142
.abs_section_174                   1   N/I      0x174      0x174   .absSeg143
.abs_section_175                   1   N/I      0x175      0x175   .absSeg144
.abs_section_176                   1   N/I      0x176      0x176   .absSeg145
.abs_section_177                   1   N/I      0x177      0x177   .absSeg146
.abs_section_178                   1   N/I      0x178      0x178   .absSeg147
.abs_section_179                   1   N/I      0x179      0x179   .absSeg148
.abs_section_17a                   1   N/I      0x17A      0x17A   .absSeg149
.abs_section_17b                   1   N/I      0x17B      0x17B   .absSeg150
.abs_section_17c                   1   N/I      0x17C      0x17C   .absSeg151
.abs_section_17d                   1   N/I      0x17D      0x17D   .absSeg152
.abs_section_240                   1   N/I      0x240      0x240   .absSeg153
.abs_section_241                   1   N/I      0x241      0x241   .absSeg154
.abs_section_242                   1   N/I      0x242      0x242   .absSeg155
.abs_section_243                   1   N/I      0x243      0x243   .absSeg156
.abs_section_244                   1   N/I      0x244      0x244   .absSeg157
.abs_section_245                   1   N/I      0x245      0x245   .absSeg158
.abs_section_247                   1   N/I      0x247      0x247   .absSeg159
.abs_section_248                   1   N/I      0x248      0x248   .absSeg160
.abs_section_249                   1   N/I      0x249      0x249   .absSeg161
.abs_section_24a                   1   N/I      0x24A      0x24A   .absSeg162
.abs_section_24b                   1   N/I      0x24B      0x24B   .absSeg163
.abs_section_24c                   1   N/I      0x24C      0x24C   .absSeg164
.abs_section_24d                   1   N/I      0x24D      0x24D   .absSeg165
.abs_section_24e                   1   N/I      0x24E      0x24E   .absSeg166
.abs_section_250                   1   N/I      0x250      0x250   .absSeg167
.abs_section_251                   1   N/I      0x251      0x251   .absSeg168
.abs_section_252                   1   N/I      0x252      0x252   .absSeg169
.abs_section_253                   1   N/I      0x253      0x253   .absSeg170
.abs_section_254                   1   N/I      0x254      0x254   .absSeg171
.abs_section_255                   1   N/I      0x255      0x255   .absSeg172
.abs_section_256                   1   N/I      0x256      0x256   .absSeg173
.abs_section_257                   1   N/I      0x257      0x257   .absSeg174
.abs_section_258                   1   N/I      0x258      0x258   .absSeg175
.abs_section_259                   1   N/I      0x259      0x259   .absSeg176
.abs_section_25a                   1   N/I      0x25A      0x25A   .absSeg177
.abs_section_25b                   1   N/I      0x25B      0x25B   .absSeg178
.abs_section_25c                   1   N/I      0x25C      0x25C   .absSeg179
.abs_section_25d                   1   N/I      0x25D      0x25D   .absSeg180
.abs_section_25e                   1   N/I      0x25E      0x25E   .absSeg181
.abs_section_25f                   1   N/I      0x25F      0x25F   .absSeg182
.abs_section_260                   1   N/I      0x260      0x260   .absSeg183
.abs_section_261                   1   N/I      0x261      0x261   .absSeg184
.abs_section_262                   1   N/I      0x262      0x262   .absSeg185
.abs_section_263                   1   N/I      0x263      0x263   .absSeg186
.abs_section_264                   1   N/I      0x264      0x264   .absSeg187
.abs_section_265                   1   N/I      0x265      0x265   .absSeg188
.abs_section_266                   1   N/I      0x266      0x266   .absSeg189
.abs_section_267                   1   N/I      0x267      0x267   .absSeg190
.abs_section_268                   1   N/I      0x268      0x268   .absSeg191
.abs_section_269                   1   N/I      0x269      0x269   .absSeg192
.abs_section_26a                   1   N/I      0x26A      0x26A   .absSeg193
.abs_section_26b                   1   N/I      0x26B      0x26B   .absSeg194
.abs_section_26c                   1   N/I      0x26C      0x26C   .absSeg195
.abs_section_26d                   1   N/I      0x26D      0x26D   .absSeg196
.abs_section_26e                   1   N/I      0x26E      0x26E   .absSeg197
.abs_section_26f                   1   N/I      0x26F      0x26F   .absSeg198
.abs_section_2c6                   1   N/I      0x2C6      0x2C6   .absSeg199
.abs_section_2f0                   1   N/I      0x2F0      0x2F0   .absSeg200
.abs_section_2f1                   1   N/I      0x2F1      0x2F1   .absSeg201
.abs_section_2f2                   1   N/I      0x2F2      0x2F2   .absSeg202
.abs_section_2f3                   1   N/I      0x2F3      0x2F3   .absSeg203
.abs_section_2f7                   1   N/I      0x2F7      0x2F7   .absSeg204
.abs_section_300                   1   N/I      0x300      0x300   .absSeg205
.abs_section_301                   1   N/I      0x301      0x301   .absSeg206
.abs_section_302                   1   N/I      0x302      0x302   .absSeg207
.abs_section_303                   1   N/I      0x303      0x303   .absSeg208
.abs_section_304                   1   N/I      0x304      0x304   .absSeg209
.abs_section_305                   1   N/I      0x305      0x305   .absSeg210
.abs_section_308                   1   N/I      0x308      0x308   .absSeg211
.abs_section_309                   1   N/I      0x309      0x309   .absSeg212
.abs_section_324                   1   N/I      0x324      0x324   .absSeg213
.abs_section_340                   1   N/I      0x340      0x340   .absSeg214
.abs_section_341                   1   N/I      0x341      0x341   .absSeg215
.abs_section_342                   1   N/I      0x342      0x342   .absSeg216
.abs_section_343                   1   N/I      0x343      0x343   .absSeg217
.abs_section_344                   1   N/I      0x344      0x344   .absSeg218
.abs_section_345                   1   N/I      0x345      0x345   .absSeg219
.abs_section_346                   1   N/I      0x346      0x346   .absSeg220
.abs_section_347                   1   N/I      0x347      0x347   .absSeg221
.abs_section_0                     2   N/I        0x0        0x1   .absSeg222
.abs_section_2                     2   N/I        0x2        0x3   .absSeg223
.abs_section_1a                    2   N/I       0x1A       0x1B   .absSeg224
.abs_section_24                    2   N/I       0x24       0x25   .absSeg225
.abs_section_44                    2   N/I       0x44       0x45   .absSeg226
.abs_section_50                    2   N/I       0x50       0x51   .absSeg227
.abs_section_52                    2   N/I       0x52       0x53   .absSeg228
.abs_section_54                    2   N/I       0x54       0x55   .absSeg229
.abs_section_56                    2   N/I       0x56       0x57   .absSeg230
.abs_section_58                    2   N/I       0x58       0x59   .absSeg231
.abs_section_5a                    2   N/I       0x5A       0x5B   .absSeg232
.abs_section_5c                    2   N/I       0x5C       0x5D   .absSeg233
.abs_section_5e                    2   N/I       0x5E       0x5F   .absSeg234
.abs_section_62                    2   N/I       0x62       0x63   .absSeg235
.abs_section_c8                    2   N/I       0xC8       0xC9   .absSeg236
.abs_section_d0                    2   N/I       0xD0       0xD1   .absSeg237
.abs_section_dc                    2   N/I       0xDC       0xDD   .absSeg238
.abs_section_10a                   2   N/I      0x10A      0x10B   .absSeg239
.abs_section_10e                   2   N/I      0x10E      0x10F   .absSeg240
.abs_section_16e                   2   N/I      0x16E      0x16F   .absSeg241
.abs_section_17e                   2   N/I      0x17E      0x17F   .absSeg242
.abs_section_270                   2   N/I      0x270      0x271   .absSeg243
.abs_section_272                   2   N/I      0x272      0x273   .absSeg244
.abs_section_274                   2   N/I      0x274      0x275   .absSeg245
.abs_section_276                   2   N/I      0x276      0x277   .absSeg246
.abs_section_2c0                   2   N/I      0x2C0      0x2C1   .absSeg247
.abs_section_2c2                   2   N/I      0x2C2      0x2C3   .absSeg248
.abs_section_2c4                   2   N/I      0x2C4      0x2C5   .absSeg249
.abs_section_2c8                   2   N/I      0x2C8      0x2C9   .absSeg250
.abs_section_2ca                   2   N/I      0x2CA      0x2CB   .absSeg251
.abs_section_2cc                   2   N/I      0x2CC      0x2CD   .absSeg252
.abs_section_2ce                   2   N/I      0x2CE      0x2CF   .absSeg253
.abs_section_2d0                   2   N/I      0x2D0      0x2D1   .absSeg254
.abs_section_2d2                   2   N/I      0x2D2      0x2D3   .absSeg255
.abs_section_2d4                   2   N/I      0x2D4      0x2D5   .absSeg256
.abs_section_2d6                   2   N/I      0x2D6      0x2D7   .absSeg257
.abs_section_2d8                   2   N/I      0x2D8      0x2D9   .absSeg258
.abs_section_2da                   2   N/I      0x2DA      0x2DB   .absSeg259
.abs_section_2dc                   2   N/I      0x2DC      0x2DD   .absSeg260
.abs_section_2de                   2   N/I      0x2DE      0x2DF   .absSeg261
.abs_section_2e0                   2   N/I      0x2E0      0x2E1   .absSeg262
.abs_section_2e2                   2   N/I      0x2E2      0x2E3   .absSeg263
.abs_section_2e4                   2   N/I      0x2E4      0x2E5   .absSeg264
.abs_section_2e6                   2   N/I      0x2E6      0x2E7   .absSeg265
.abs_section_2e8                   2   N/I      0x2E8      0x2E9   .absSeg266
.abs_section_2ea                   2   N/I      0x2EA      0x2EB   .absSeg267
.abs_section_2ec                   2   N/I      0x2EC      0x2ED   .absSeg268
.abs_section_2ee                   2   N/I      0x2EE      0x2EF   .absSeg269
.abs_section_2f4                   2   N/I      0x2F4      0x2F5   .absSeg270
.abs_section_30c                   2   N/I      0x30C      0x30D   .absSeg271
.abs_section_30e                   2   N/I      0x30E      0x30F   .absSeg272
.abs_section_310                   2   N/I      0x310      0x311   .absSeg273
.abs_section_312                   2   N/I      0x312      0x313   .absSeg274
.abs_section_314                   2   N/I      0x314      0x315   .absSeg275
.abs_section_316                   2   N/I      0x316      0x317   .absSeg276
.abs_section_318                   2   N/I      0x318      0x319   .absSeg277
.abs_section_31a                   2   N/I      0x31A      0x31B   .absSeg278
.abs_section_31c                   2   N/I      0x31C      0x31D   .absSeg279
.abs_section_31e                   2   N/I      0x31E      0x31F   .absSeg280
.abs_section_320                   2   N/I      0x320      0x321   .absSeg281
.abs_section_322                   2   N/I      0x322      0x323   .absSeg282
.abs_section_348                   2   N/I      0x348      0x349   .absSeg283
.abs_section_34a                   2   N/I      0x34A      0x34B   .absSeg284
.abs_section_34c                   2   N/I      0x34C      0x34D   .absSeg285
.abs_section_34e                   2   N/I      0x34E      0x34F   .absSeg286
.abs_section_350                   2   N/I      0x350      0x351   .absSeg287
.abs_section_352                   2   N/I      0x352      0x353   .absSeg288
.abs_section_354                   2   N/I      0x354      0x355   .absSeg289
.abs_section_356                   2   N/I      0x356      0x357   .absSeg290
.abs_section_fff0                  2     R     0xFFF0     0xFFF1   .absSeg291
.abs_section_ffce                  2     R     0xFFCE     0xFFCF   .absSeg292
.bss                             388   R/W     0x2159     0x22DC   RAM
.common                         1025   R/W     0x22DD     0x26DD   RAM
.vectSeg293_vect                   2     R     0xFFFE     0xFFFF   .vectSeg293

Summary of section sizes per section type:
READ_ONLY (R):        213F (dec:     8511)
READ_WRITE (R/W):      6DE (dec:     1758)
NO_INIT (N/I):         168 (dec:      360)

*********************************************************************************************
VECTOR-ALLOCATION SECTION
    Address     InitValue   InitFunction
---------------------------------------------------------------------------------------------
     0xFFFE        0xC000   _Startup

*********************************************************************************************
OBJECT-ALLOCATION SECTION
     Name               Module                 Addr   hSize   dSize     Ref    Section   RLIB
---------------------------------------------------------------------------------------------
MODULE:                 -- MC9S12XS128.c.o --
- PROCEDURES:
- VARIABLES:
     _PORTE                                       8       1       1       0   .abs_section_8
     _DDRE                                        9       1       1       0   .abs_section_9
     _MODE                                        B       1       1       0   .abs_section_b
     _PUCR                                        C       1       1       1   .abs_section_c
     _RDRIV                                       D       1       1       0   .abs_section_d
     _GPAGE                                      10       1       1       0   .abs_section_10
     _DIRECT                                     11       1       1       0   .abs_section_11
     _MMCCTL1                                    13       1       1       0   .abs_section_13
     _PPAGE                                      15       1       1       0   .abs_section_15
     _RPAGE                                      16       1       1       0   .abs_section_16
     _EPAGE                                      17       1       1       0   .abs_section_17
     _ECLKCTL                                    1C       1       1       0   .abs_section_1c
     _IRQCR                                      1E       1       1       0   .abs_section_1e
     _DBGC1                                      20       1       1       0   .abs_section_20
     _DBGSR                                      21       1       1       0   .abs_section_21
     _DBGTCR                                     22       1       1       0   .abs_section_22
     _DBGC2                                      23       1       1       0   .abs_section_23
     _DBGCNT                                     26       1       1       0   .abs_section_26
     _DBGSCRX                                    27       1       1       0   .abs_section_27
     _DBGXCTL                                    28       1       1       0   .abs_section_28
     _DBGXAH                                     29       1       1       0   .abs_section_29
     _DBGXAM                                     2A       1       1       0   .abs_section_2a
     _DBGXAL                                     2B       1       1       0   .abs_section_2b
     _DBGXDH                                     2C       1       1       0   .abs_section_2c
     _DBGXDL                                     2D       1       1       0   .abs_section_2d
     _DBGXDHM                                    2E       1       1       0   .abs_section_2e
     _DBGXDLM                                    2F       1       1       0   .abs_section_2f
     _PORTK                                      32       1       1       7   .abs_section_32
     _DDRK                                       33       1       1       4   .abs_section_33
     _SYNR                                       34       1       1       1   .abs_section_34
     _REFDV                                      35       1       1       1   .abs_section_35
     _POSTDIV                                    36       1       1       0   .abs_section_36
     _CRGFLG                                     37       1       1       2   .abs_section_37
     _CRGINT                                     38       1       1       2   .abs_section_38
     _CLKSEL                                     39       1       1       2   .abs_section_39
     _PLLCTL                                     3A       1       1       2   .abs_section_3a
     _RTICTL                                     3B       1       1       1   .abs_section_3b
     _COPCTL                                     3C       1       1       0   .abs_section_3c
     _ARMCOP                                     3F       1       1       0   .abs_section_3f
     _TIOS                                       40       1       1       0   .abs_section_40
     _CFORC                                      41       1       1       0   .abs_section_41
     _OC7M                                       42       1       1       0   .abs_section_42
     _OC7D                                       43       1       1       0   .abs_section_43
     _TSCR1                                      46       1       1       1   .abs_section_46
     _TTOV                                       47       1       1       0   .abs_section_47
     _TCTL1                                      48       1       1       0   .abs_section_48
     _TCTL2                                      49       1       1       0   .abs_section_49
     _TCTL3                                      4A       1       1       0   .abs_section_4a
     _TCTL4                                      4B       1       1       0   .abs_section_4b
     _TIE                                        4C       1       1       0   .abs_section_4c
     _TSCR2                                      4D       1       1       0   .abs_section_4d
     _TFLG1                                      4E       1       1       0   .abs_section_4e
     _TFLG2                                      4F       1       1       0   .abs_section_4f
     _PACTL                                      60       1       1       2   .abs_section_60
     _PAFLG                                      61       1       1       0   .abs_section_61
     _OCPD                                       6C       1       1       0   .abs_section_6c
     _PTPSR                                      6E       1       1       0   .abs_section_6e
     _SCI0ACR2                                   CA       1       1       1   .abs_section_ca
     _SCI0CR2                                    CB       1       1       1   .abs_section_cb
     _SCI0SR1                                    CC       1       1       1   .abs_section_cc
     _SCI0SR2                                    CD       1       1       0   .abs_section_cd
     _SCI0DRH                                    CE       1       1       0   .abs_section_ce
     _SCI0DRL                                    CF       1       1       1   .abs_section_cf
     _SCI1ACR2                                   D2       1       1       0   .abs_section_d2
     _SCI1CR2                                    D3       1       1       0   .abs_section_d3
     _SCI1SR1                                    D4       1       1       0   .abs_section_d4
     _SCI1SR2                                    D5       1       1       0   .abs_section_d5
     _SCI1DRH                                    D6       1       1       0   .abs_section_d6
     _SCI1DRL                                    D7       1       1       0   .abs_section_d7
     _SPI0CR1                                    D8       1       1       0   .abs_section_d8
     _SPI0CR2                                    D9       1       1       0   .abs_section_d9
     _SPI0BR                                     DA       1       1       0   .abs_section_da
     _SPI0SR                                     DB       1       1       0   .abs_section_db
     _FCLKDIV                                   100       1       1       0   .abs_section_100
     _FSEC                                      101       1       1       0   .abs_section_101
     _FCCOBIX                                   102       1       1       0   .abs_section_102
     _FECCRIX                                   103       1       1       0   .abs_section_103
     _FCNFG                                     104       1       1       0   .abs_section_104
     _FERCNFG                                   105       1       1       0   .abs_section_105
     _FSTAT                                     106       1       1       0   .abs_section_106
     _FERSTAT                                   107       1       1       0   .abs_section_107
     _FPROT                                     108       1       1       0   .abs_section_108
     _DFPROT                                    109       1       1       0   .abs_section_109
     _FOPT                                      110       1       1       0   .abs_section_110
     _IVBR                                      121       1       1       0   .abs_section_121
     _INT_XGPRIO                                126       1       1       0   .abs_section_126
     _INT_CFADDR                                127       1       1       0   .abs_section_127
     _INT_CFDATA0                               128       1       1       0   .abs_section_128
     _INT_CFDATA1                               129       1       1       0   .abs_section_129
     _INT_CFDATA2                               12A       1       1       0   .abs_section_12a
     _INT_CFDATA3                               12B       1       1       0   .abs_section_12b
     _INT_CFDATA4                               12C       1       1       0   .abs_section_12c
     _INT_CFDATA5                               12D       1       1       0   .abs_section_12d
     _INT_CFDATA6                               12E       1       1       0   .abs_section_12e
     _INT_CFDATA7                               12F       1       1       0   .abs_section_12f
     _CAN0CTL0                                  140       1       1       0   .abs_section_140
     _CAN0CTL1                                  141       1       1       0   .abs_section_141
     _CAN0BTR0                                  142       1       1       0   .abs_section_142
     _CAN0BTR1                                  143       1       1       0   .abs_section_143
     _CAN0RFLG                                  144       1       1       0   .abs_section_144
     _CAN0RIER                                  145       1       1       0   .abs_section_145
     _CAN0TFLG                                  146       1       1       0   .abs_section_146
     _CAN0TIER                                  147       1       1       0   .abs_section_147
     _CAN0TARQ                                  148       1       1       0   .abs_section_148
     _CAN0TAAK                                  149       1       1       0   .abs_section_149
     _CAN0TBSEL                                 14A       1       1       0   .abs_section_14a
     _CAN0IDAC                                  14B       1       1       0   .abs_section_14b
     _CAN0MISC                                  14D       1       1       0   .abs_section_14d
     _CAN0RXERR                                 14E       1       1       0   .abs_section_14e
     _CAN0TXERR                                 14F       1       1       0   .abs_section_14f
     _CAN0IDAR0                                 150       1       1       0   .abs_section_150
     _CAN0IDAR1                                 151       1       1       0   .abs_section_151
     _CAN0IDAR2                                 152       1       1       0   .abs_section_152
     _CAN0IDAR3                                 153       1       1       0   .abs_section_153
     _CAN0IDMR0                                 154       1       1       0   .abs_section_154
     _CAN0IDMR1                                 155       1       1       0   .abs_section_155
     _CAN0IDMR2                                 156       1       1       0   .abs_section_156
     _CAN0IDMR3                                 157       1       1       0   .abs_section_157
     _CAN0IDAR4                                 158       1       1       0   .abs_section_158
     _CAN0IDAR5                                 159       1       1       0   .abs_section_159
     _CAN0IDAR6                                 15A       1       1       0   .abs_section_15a
     _CAN0IDAR7                                 15B       1       1       0   .abs_section_15b
     _CAN0IDMR4                                 15C       1       1       0   .abs_section_15c
     _CAN0IDMR5                                 15D       1       1       0   .abs_section_15d
     _CAN0IDMR6                                 15E       1       1       0   .abs_section_15e
     _CAN0IDMR7                                 15F       1       1       0   .abs_section_15f
     _CAN0RXIDR0                                160       1       1       0   .abs_section_160
     _CAN0RXIDR1                                161       1       1       0   .abs_section_161
     _CAN0RXIDR2                                162       1       1       0   .abs_section_162
     _CAN0RXIDR3                                163       1       1       0   .abs_section_163
     _CAN0RXDSR0                                164       1       1       0   .abs_section_164
     _CAN0RXDSR1                                165       1       1       0   .abs_section_165
     _CAN0RXDSR2                                166       1       1       0   .abs_section_166
     _CAN0RXDSR3                                167       1       1       0   .abs_section_167
     _CAN0RXDSR4                                168       1       1       0   .abs_section_168
     _CAN0RXDSR5                                169       1       1       0   .abs_section_169
     _CAN0RXDSR6                                16A       1       1       0   .abs_section_16a
     _CAN0RXDSR7                                16B       1       1       0   .abs_section_16b
     _CAN0RXDLR                                 16C       1       1       0   .abs_section_16c
     _CAN0TXIDR0                                170       1       1       0   .abs_section_170
     _CAN0TXIDR1                                171       1       1       0   .abs_section_171
     _CAN0TXIDR2                                172       1       1       0   .abs_section_172
     _CAN0TXIDR3                                173       1       1       0   .abs_section_173
     _CAN0TXDSR0                                174       1       1       0   .abs_section_174
     _CAN0TXDSR1                                175       1       1       0   .abs_section_175
     _CAN0TXDSR2                                176       1       1       0   .abs_section_176
     _CAN0TXDSR3                                177       1       1       0   .abs_section_177
     _CAN0TXDSR4                                178       1       1       0   .abs_section_178
     _CAN0TXDSR5                                179       1       1       0   .abs_section_179
     _CAN0TXDSR6                                17A       1       1       0   .abs_section_17a
     _CAN0TXDSR7                                17B       1       1       0   .abs_section_17b
     _CAN0TXDLR                                 17C       1       1       0   .abs_section_17c
     _CAN0TXTBPR                                17D       1       1       0   .abs_section_17d
     _PTT                                       240       1       1       0   .abs_section_240
     _PTIT                                      241       1       1       0   .abs_section_241
     _DDRT                                      242       1       1       0   .abs_section_242
     _RDRT                                      243       1       1       0   .abs_section_243
     _PERT                                      244       1       1       0   .abs_section_244
     _PPST                                      245       1       1       0   .abs_section_245
     _PTTRR                                     247       1       1       0   .abs_section_247
     _PTS                                       248       1       1       0   .abs_section_248
     _PTIS                                      249       1       1       0   .abs_section_249
     _DDRS                                      24A       1       1       0   .abs_section_24a
     _RDRS                                      24B       1       1       0   .abs_section_24b
     _PERS                                      24C       1       1       0   .abs_section_24c
     _PPSS                                      24D       1       1       0   .abs_section_24d
     _WOMS                                      24E       1       1       0   .abs_section_24e
     _PTM                                       250       1       1      20   .abs_section_250
     _PTIM                                      251       1       1       0   .abs_section_251
     _DDRM                                      252       1       1       2   .abs_section_252
     _RDRM                                      253       1       1       0   .abs_section_253
     _PERM                                      254       1       1       0   .abs_section_254
     _PPSM                                      255       1       1       0   .abs_section_255
     _WOMM                                      256       1       1       0   .abs_section_256
     _MODRR                                     257       1       1       0   .abs_section_257
     _PTP                                       258       1       1       0   .abs_section_258
     _PTIP                                      259       1       1       0   .abs_section_259
     _DDRP                                      25A       1       1       0   .abs_section_25a
     _RDRP                                      25B       1       1       0   .abs_section_25b
     _PERP                                      25C       1       1       0   .abs_section_25c
     _PPSP                                      25D       1       1       0   .abs_section_25d
     _PIEP                                      25E       1       1       0   .abs_section_25e
     _PIFP                                      25F       1       1       0   .abs_section_25f
     _PTH                                       260       1       1       0   .abs_section_260
     _PTIH                                      261       1       1       0   .abs_section_261
     _DDRH                                      262       1       1       2   .abs_section_262
     _RDRH                                      263       1       1       0   .abs_section_263
     _PERH                                      264       1       1       0   .abs_section_264
     _PPSH                                      265       1       1       0   .abs_section_265
     _PIEH                                      266       1       1       0   .abs_section_266
     _PIFH                                      267       1       1       0   .abs_section_267
     _PTJ                                       268       1       1       0   .abs_section_268
     _PTIJ                                      269       1       1       0   .abs_section_269
     _DDRJ                                      26A       1       1       0   .abs_section_26a
     _RDRJ                                      26B       1       1       0   .abs_section_26b
     _PERJ                                      26C       1       1       0   .abs_section_26c
     _PPSJ                                      26D       1       1       1   .abs_section_26d
     _PIEJ                                      26E       1       1       1   .abs_section_26e
     _PIFJ                                      26F       1       1       1   .abs_section_26f
     _ATD0STAT0                                 2C6       1       1       1   .abs_section_2c6
     _VREGHTCL                                  2F0       1       1       0   .abs_section_2f0
     _VREGCTRL                                  2F1       1       1       0   .abs_section_2f1
     _VREGAPICL                                 2F2       1       1       0   .abs_section_2f2
     _VREGAPITR                                 2F3       1       1       0   .abs_section_2f3
     _VREGHTTR                                  2F7       1       1       0   .abs_section_2f7
     _PWME                                      300       1       1       2   .abs_section_300
     _PWMPOL                                    301       1       1       4   .abs_section_301
     _PWMCLK                                    302       1       1       1   .abs_section_302
     _PWMPRCLK                                  303       1       1       1   .abs_section_303
     _PWMCAE                                    304       1       1       1   .abs_section_304
     _PWMCTL                                    305       1       1       4   .abs_section_305
     _PWMSCLA                                   308       1       1       1   .abs_section_308
     _PWMSCLB                                   309       1       1       1   .abs_section_309
     _PWMSDN                                    324       1       1       0   .abs_section_324
     _PITCFLMT                                  340       1       1       0   .abs_section_340
     _PITFLT                                    341       1       1       0   .abs_section_341
     _PITCE                                     342       1       1       0   .abs_section_342
     _PITMUX                                    343       1       1       0   .abs_section_343
     _PITINTE                                   344       1       1       0   .abs_section_344
     _PITTF                                     345       1       1       0   .abs_section_345
     _PITMTLD0                                  346       1       1       0   .abs_section_346
     _PITMTLD1                                  347       1       1       0   .abs_section_347
     _PORTAB                                      0       2       2      67   .abs_section_0
     _DDRAB                                       2       2       2       7   .abs_section_2
     _PARTID                                     1A       2       2       0   .abs_section_1a
     _DBGTB                                      24       2       2       0   .abs_section_24
     _TCNT                                       44       2       2       0   .abs_section_44
     _TC0                                        50       2       2       0   .abs_section_50
     _TC1                                        52       2       2       0   .abs_section_52
     _TC2                                        54       2       2       0   .abs_section_54
     _TC3                                        56       2       2       0   .abs_section_56
     _TC4                                        58       2       2       0   .abs_section_58
     _TC5                                        5A       2       2       0   .abs_section_5a
     _TC6                                        5C       2       2       0   .abs_section_5c
     _TC7                                        5E       2       2       0   .abs_section_5e
     _PACNT                                      62       2       2       3   .abs_section_62
     _SCI0BD                                     C8       2       2       1   .abs_section_c8
     _SCI1BD                                     D0       2       2       0   .abs_section_d0
     _SPI0DR                                     DC       2       2       0   .abs_section_dc
     _FCCOB                                     10A       2       2       0   .abs_section_10a
     _FECCR                                     10E       2       2       0   .abs_section_10e
     _CAN0RXTSR                                 16E       2       2       0   .abs_section_16e
     _CAN0TXTSR                                 17E       2       2       0   .abs_section_17e
     _PT01AD0                                   270       2       2       0   .abs_section_270
     _DDR01AD0                                  272       2       2       0   .abs_section_272
     _RDR01AD0                                  274       2       2       0   .abs_section_274
     _PER01AD0                                  276       2       2       0   .abs_section_276
     _ATD0CTL01                                 2C0       2       2       2   .abs_section_2c0
     _ATD0CTL23                                 2C2       2       2       2   .abs_section_2c2
     _ATD0CTL45                                 2C4       2       2       4   .abs_section_2c4
     _ATD0CMPE                                  2C8       2       2       0   .abs_section_2c8
     _ATD0STAT2                                 2CA       2       2       0   .abs_section_2ca
     _ATD0DIEN                                  2CC       2       2       0   .abs_section_2cc
     _ATD0CMPHT                                 2CE       2       2       0   .abs_section_2ce
     _ATD0DR0                                   2D0       2       2       1   .abs_section_2d0
     _ATD0DR1                                   2D2       2       2       0   .abs_section_2d2
     _ATD0DR2                                   2D4       2       2       0   .abs_section_2d4
     _ATD0DR3                                   2D6       2       2       0   .abs_section_2d6
     _ATD0DR4                                   2D8       2       2       0   .abs_section_2d8
     _ATD0DR5                                   2DA       2       2       0   .abs_section_2da
     _ATD0DR6                                   2DC       2       2       0   .abs_section_2dc
     _ATD0DR7                                   2DE       2       2       0   .abs_section_2de
     _ATD0DR8                                   2E0       2       2       0   .abs_section_2e0
     _ATD0DR9                                   2E2       2       2       0   .abs_section_2e2
     _ATD0DR10                                  2E4       2       2       0   .abs_section_2e4
     _ATD0DR11                                  2E6       2       2       0   .abs_section_2e6
     _ATD0DR12                                  2E8       2       2       0   .abs_section_2e8
     _ATD0DR13                                  2EA       2       2       0   .abs_section_2ea
     _ATD0DR14                                  2EC       2       2       0   .abs_section_2ec
     _ATD0DR15                                  2EE       2       2       0   .abs_section_2ee
     _VREGAPIR                                  2F4       2       2       0   .abs_section_2f4
     _PWMCNT01                                  30C       2       2       0   .abs_section_30c
     _PWMCNT23                                  30E       2       2       0   .abs_section_30e
     _PWMCNT45                                  310       2       2       0   .abs_section_310
     _PWMCNT67                                  312       2       2       0   .abs_section_312
     _PWMPER01                                  314       2       2       1   .abs_section_314
     _PWMPER23                                  316       2       2       1   .abs_section_316
     _PWMPER45                                  318       2       2       1   .abs_section_318
     _PWMPER67                                  31A       2       2       1   .abs_section_31a
     _PWMDTY01                                  31C       2       2       2   .abs_section_31c
     _PWMDTY23                                  31E       2       2       1   .abs_section_31e
     _PWMDTY45                                  320       2       2       4   .abs_section_320
     _PWMDTY67                                  322       2       2       1   .abs_section_322
     _PITLD0                                    348       2       2       0   .abs_section_348
     _PITCNT0                                   34A       2       2       0   .abs_section_34a
     _PITLD1                                    34C       2       2       0   .abs_section_34c
     _PITCNT1                                   34E       2       2       0   .abs_section_34e
     _PITLD2                                    350       2       2       0   .abs_section_350
     _PITCNT2                                   352       2       2       0   .abs_section_352
     _PITLD3                                    354       2       2       0   .abs_section_354
     _PITCNT3                                   356       2       2       0   .abs_section_356
MODULE:                 -- Start12.c.o --
- PROCEDURES:
     Init                                    FE8000      29      41       2   .text       
     _Startup                                  C000       F      15       0   .init       
- VARIABLES:
     _startupData                              C00F       6       6       3   .startData  
- LABELS:
     __SEG_END_SSTACK                          2100       0       0       1               
MODULE:                 -- FADD.C.o (ansixb.lib) --
- PROCEDURES:
     F_ADDKL                                   C661      5E      94       1   NON_BANKED  
     _FADD                                     C6BF      15      21       6   NON_BANKED  
     _FSUB                                     C6D4      13      19       2   NON_BANKED  
- VARIABLES:
MODULE:                 -- FCMP.C.o (ansixb.lib) --
- PROCEDURES:
     _FCMP                                     C6E7      26      38       4   NON_BANKED  
- VARIABLES:
MODULE:                 -- FCONV.C.o (ansixb.lib) --
- PROCEDURES:
     F_TOLONGK                                 C70D      32      50       1   NON_BANKED  
     F_FRLONGK                                 C73F      1E      30       1   NON_BANKED  
     _FSFLOAT                                  C75D      12      18       4   NON_BANKED  
     _FSTRUNC                                  C76F      11      17       4   NON_BANKED  
- VARIABLES:
MODULE:                 -- FMUL.C.o (ansixb.lib) --
- PROCEDURES:
     F_DIVKL                                   C780      84     132       1   NON_BANKED  
     F_MULKL                                   C804      57      87       1   NON_BANKED  
     _FMUL                                     C85B      14      20       7   NON_BANKED  
     _FDIV                                     C86F      1E      30       2   NON_BANKED  
- VARIABLES:
MODULE:                 -- FREGS.C.o (ansixb.lib) --
- PROCEDURES:
     F_PULK                                    C88D      15      21       4   NON_BANKED  
     F_PULL                                    C8A2      15      21       3   NON_BANKED  
     F_PSHK                                    C8B7      13      19       4   NON_BANKED  
     F_XGKL                                    C8CA      21      33       2   NON_BANKED  
     F_CLRK                                    C8EB       B      11       2   NON_BANKED  
     F_MAXK                                    C8F6       9       9       2   NON_BANKED  
     F_NORMK                                   C8FF      37      55       3   NON_BANKED  
- VARIABLES:
MODULE:                 -- rtshc12.c.o (ansixb.lib) --
- PROCEDURES:
     _BSHRU                                    C936       8       8       1   NON_BANKED  
     _LDEC                                     C93E       8       8       1   NON_BANKED  
     _NEG_P                                    C946       C      12       1   NON_BANKED  
- VARIABLES:
MODULE:                 -- VREGS.C.o (ansixb.lib) --
- PROCEDURES:
     L_NEGK                                    C952       7       7       2   NON_BANKED  
     L_PSHK                                    C959       8       8       1   NON_BANKED  
     SL_PULK                                   C961       A      10       1   NON_BANKED  
- VARIABLES:
MODULE:                 -- control.c.o --
- PROCEDURES:
     INT_PORT                                FE8029      4A      74       2   .text       
     ReadSpeed                               FE8073      15      21       2   .text       
     tiaobian_r                              FE8088      54      84       2   .text       
     Get_Position                            FE80DC     162     354       6   .text       
     Get_Position1                           FE823E     3EC    1004      23   .text       
     chushihua                               FE862A     1FF     511      26   .text       
     bianma                                  FE8829      86     134       2   .text       
     Direction_Control                       FE88AF     1FE     510       8   .text       
     MortorControl                           FE8AAD     1B3     435       5   .text       
     delay                                   FE8C60       D      13      28   .text       
     StartIntegration                        FE8C6D      2E      46       2   .text       
     StartIntegration1                       FE8C9B      2E      46       2   .text       
     ImageCapture                            FE8CC9      52      82       2   .text       
     ImageCapture1                           FE8D1B      50      80       2   .text       
     SendHex                                 FE8D6B      2A      42       8   .text       
     SendImageData                           FE8D95      49      73       4   .text       
     Calculate_Exposure_Time                 FE8DDE      47      71       2   .text       
     Calculate_Exposure_Time1                FE8E25      47      71       2   .text       
     PixelAverage                            FE8E6C      23      35       4   .text       
     Show_load1                              FE8E8F      59      89       2   .text       
     Show_load                               FE8EE8      5B      91       2   .text       
     Get_Switch_Key                          FE8F43      4F      79       2   .text       
     RTI_ISR                                   C96B      65     101       1   NON_BANKED  
     POTJ_INT                                  C9D0      1D      29       1   NON_BANKED  
- VARIABLES:
     n                                         2100       2       2       9   .data       
     n0                                        2102       2       2       1   .data       
     k                                         2104       2       2       1   .data       
     T2                                        2106       2       2       3   .data       
     d                                         2108       2       2       1   .data       
     zhidao                                    210A       2       2       4   .data       
     qianzhan                                  210C       2       2       3   .data       
     xs                                        210E       2       2       3   .data       
     t3                                        2110       2       2       4   .data       
     Speed_jichu                               2112       2       2       6   .data       
     Speed_jichu1_min                          2114       2       2       3   .data       
     Speed_jichu1_max                          2116       2       2       5   .data       
     Speed_jichu0                              2118       2       2       7   .data       
     Speed_min                                 211A       2       2       4   .data       
     yuzhi                                     211C       2       2       3   .data       
     yuzhi1                                    211E       2       2       1   .data       
     js                                        2120       2       2       2   .data       
     renzi                                     2122       2       2       2   .data       
     t_min                                     2124       2       2       4   .data       
     t_max                                     2126       2       2       4   .data       
     Kp_Speed                                  2128       4       4       2   .data       
     Ki_Speed                                  212C       4       4       2   .data       
     Kd_Speed                                  2130       4       4       2   .data       
     Kp_Direction                              2134       4       4      10   .data       
     Kd_Direction                              2138       4       4       7   .data       
     Kp_Direction1                             213C       4       4       9   .data       
     Kd_Direction1                             2140       4       4       6   .data       
     MORTOR_PWM                                2144       4       4       2   .data       
     Exposure_Time                             2148       1       1       6   .data       
     Exposure_Time1                            2149       1       1       9   .data       
     Expect_Average_CCDVoltage                 214A       2       2       1   .data       
     Expect_Average_CCDVoltage1                214C       2       2       1   .data       
     black_line_old                            214E       2       2       5   .data       
     black_line                                2150       2       2      23   .data       
     black_line_old0                           2152       1       1       3   .data       
     black_line0                               2153       1       1       5   .data       
     z                                         2154       1       1       3   .data       
     t                                         2159       2       2       7   .bss        
     s1                                        215B       2       2       2   .bss        
     s2                                        215D       2       2       2   .bss        
     T1                                        215F       2       2       2   .bss        
     q                                         2161       2       2      10   .bss        
     shangpo                                   2163       2       2       8   .bss        
     w                                         2165       2       2       2   .bss        
     wd                                        2167       2       2       8   .bss        
     wd1                                       2169       2       2       2   .bss        
     panduandaochequ                           216B       2       2       3   .bss        
     panduantingche                            216D       2       2       2   .bss        
     shizi                                     216F       2       2       3   .bss        
     zhangai                                   2171       2       2       4   .bss        
     yanshi                                    2173       2       2       3   .bss        
     bian                                      2175       2       2      10   .bss        
     s_po_za                                   2177       2       2       2   .bss        
     s_shizi                                   2179       2       2       3   .bss        
     j                                         217B       2       2       4   .bss        
     f                                         217D       2       2       4   .bss        
     j1                                        217F       2       2       3   .bss        
     j2                                        2181       2       2       7   .bss        
     j3                                        2183       2       2       4   .bss        
     j4                                        2185       2       2       5   .bss        
     t2                                        2187       2       2       3   .bss        
     m                                         2189       2       2       3   .bss        
     Location_Erro                             218B       2       2       7   .bss        
     Location_Erro1                            218D       2       2       2   .bss        
     SPEED                                     218F       2       2       2   .bss        
     Speed_Want                                2191       2       2       9   .bss        
     Speed_Erro                                2193       6       6      11   .bss        
     direction_Erro                            2199       A      10      26   .bss        
     renzi_s                                   21A3       2       2       3   .bss        
     wandao1                                   21A5       2       2       2   .bss        
     wandao                                    21A7       2       2       4   .bss        
     rg                                        21A9       2       2       1   .bss        
     Speed_PWM                                 21AB       4       4      13   .bss        
     Control_PWM                               21AF       4       4      12   .bss        
     Control_PWM_old                           21B3       4       4       4   .bss        
     CCD_AD                                    21B7      80     128       8   .bss        
     CCD_AD1                                   2237      80     128       6   .bss        
     Switch_Key_Value                          22B7       8       8       8   .bss        
     Average_CCDVoltage                        22BF       2       2       4   .bss        
     Average_CCDVoltage_Erro                   22C1       2       2       2   .bss        
     Timeflag40MS                              22C3       1       1       3   .bss        
     left                                      22C4       2       2      10   .bss        
     right                                     22C6       2       2      10   .bss        
     left1                                     22C8       2       2       4   .bss        
     right1                                    22CA       2       2       4   .bss        
     left_old                                  22CC       2       2       1   .bss        
     right_old                                 22CE       2       2       1   .bss        
     Left_Lose_old                             22D0       2       2       4   .bss        
     Right_Lose_old                            22D2       2       2       4   .bss        
     zr                                        22D4       1       1       8   .bss        
     yr                                        22D5       1       1       8   .bss        
     zr1                                       22D6       1       1       1   .bss        
     yr1                                       22D7       1       1       1   .bss        
     r                                         22D8       1       1       7   .bss        
     _Vector_7                                 FFF0       2       2       0   .abs_section_fff0
     _Vector_24                                FFCE       2       2       0   .abs_section_ffce
     g_aucImageBuf                             22DD     400    1024       7   .common     
     s                                         26DD       1       1       3   .common     
MODULE:                 -- main.c.o --
- PROCEDURES:
     main                                    FE8F92     1A5     421      14   .text       
     MAIN_Init                               FE9137      25      37       2   .text       
     MAIN_OLED_Display                       FE915C      47      71       2   .text       
- VARIABLES:
     STRING.............1                      C63E       C      12       1   .rodata1    
     STRING........2                           C64A       7       7       1   .rodata1    
     STRING........3                           C651       7       7       1   .rodata1    
     STRING..........4                         C658       9       9       1   .rodata1    
     jishu                                     2155       2       2       4   .data       
     jishu1                                    2157       2       2       4   .data       
     b                                         22D9       2       2       1   .bss        
     p                                         22DB       2       2       1   .bss        
MODULE:                 -- oled.c.o --
- PROCEDURES:
     LED_WrDat                               FE91A3      35      53      14   .text       
     LED_WrCmd                               FE91D8      35      53      60   .text       
     LED_SetPos                              FE920D      1D      29      10   .text       
     LED_Fill                                FE922A      31      49       4   .text       
     SetAddressingMode                       FE925B       F      15       2   .text       
     SetStartLine                            FE926A       7       7       2   .text       
     SetContrastControl                      FE9271       F      15       2   .text       
     SetChargePump                           FE9280      11      17       2   .text       
     SetSegmentRemap                         FE9291       7       7       2   .text       
     SetEntireDisplay                        FE9298       7       7       2   .text       
     SetInverseDisplay                       FE929F       7       7       2   .text       
     SetMultiplexRatio                       FE92A6       F      15       2   .text       
     SetDisplayOnOff                         FE92B5       7       7       4   .text       
     SetCommonRemap                          FE92BC       7       7       2   .text       
     SetDisplayOffset                        FE92C3       F      15       2   .text       
     SetDisplayClock                         FE92D2       F      15       2   .text       
     SetPrechargePeriod                      FE92E1       F      15       2   .text       
     SetCommonConfig                         FE92F0      11      17       2   .text       
     SetVCOMH                                FE9301       F      15       2   .text       
     LED_Init                                FE9310      8C     140       2   .text       
     LED_P6x8Char                            FE939C      35      53      10   .text       
     LED_P14x16Str                           FE93D1      DF     223       9   .text       
     LED_PrintShort                          FE94B0      84     132      12   .text       
     LED_PrintImage                          FE9534      B3     179       4   .text       
- VARIABLES:
     F6x8                                      C019     228     552       1   .rodata     
     F14x16_Idx                                C241      45      69       3   .rodata     
     F14x16                                    C286     3B8     952       2   .rodata     
MODULE:                 -- system_funtion.c.o --
- PROCEDURES:
     SYSTEM_PLL_Init                         FE95E7      1D      29       2   .text       
     Init_RTI                                FE9604       8       8       2   .text       
     Init_POTJ_Int                           FE960C       9       9       2   .text       
     Init_PulseACC                           FE9615       F      15       2   .text       
     init_pwm                                FE9624      5E      94       2   .text       
     INIT_SCI0                               FE9682       C      12       2   .text       
     SCI0_send                               FE968E       9       9      12   .text       
     INIT_AD                                 FE9697      17      23       2   .text       
     AD_capture                              FE96AE      18      24       8   .text       
     SYSTEM_TIME_Delay                       FE96C6      28      40       4   .text       
- VARIABLES:

*********************************************************************************************
MODULE STATISTIC
  Name                                      Data   Code  Const
---------------------------------------------------------------------------------------------
  MC9S12XS128.c.o                            360      0      0
  Start12.c.o                                  0     56      0
  FADD.C.o (ansixb.lib)                        0    134      0
  FCMP.C.o (ansixb.lib)                        0     38      0
  FCONV.C.o (ansixb.lib)                       0    115      0
  FMUL.C.o (ansixb.lib)                        0    269      0
  FREGS.C.o (ansixb.lib)                       0    169      0
  rtshc12.c.o (ansixb.lib)                     0     28      0
  VREGS.C.o (ansixb.lib)                       0     25      0
  control.c.o                               1494   4075      4
  main.c.o                                     8    529     35
  oled.c.o                                     0   1092   1573
  system_funtion.c.o                           0    263      0
  other                                      256     12     94

*********************************************************************************************
SECTION USE IN OBJECT-ALLOCATION SECTION
---------------------------------------------------------------------------------------------
SECTION: ".text"
  Init INT_PORT ReadSpeed tiaobian_r Get_Position Get_Position1 chushihua 
  bianma Direction_Control MortorControl delay StartIntegration 
  StartIntegration1 ImageCapture ImageCapture1 SendHex SendImageData 
  Calculate_Exposure_Time Calculate_Exposure_Time1 PixelAverage Show_load1 
  Show_load Get_Switch_Key main MAIN_Init MAIN_OLED_Display LED_WrDat LED_WrCmd 
  LED_SetPos LED_Fill SetAddressingMode SetStartLine SetContrastControl 
  SetChargePump SetSegmentRemap SetEntireDisplay SetInverseDisplay 
  SetMultiplexRatio SetDisplayOnOff SetCommonRemap SetDisplayOffset 
  SetDisplayClock SetPrechargePeriod SetCommonConfig SetVCOMH LED_Init 
  LED_P6x8Char LED_P14x16Str LED_PrintShort LED_PrintImage SYSTEM_PLL_Init 
  Init_RTI Init_POTJ_Int Init_PulseACC init_pwm INIT_SCI0 SCI0_send INIT_AD 
  AD_capture SYSTEM_TIME_Delay 
SECTION: ".data"
  n n0 k T2 d zhidao qianzhan xs t3 Speed_jichu Speed_jichu1_min 
  Speed_jichu1_max Speed_jichu0 Speed_min yuzhi yuzhi1 js renzi t_min t_max 
  Kp_Speed Ki_Speed Kd_Speed Kp_Direction Kd_Direction Kp_Direction1 
  Kd_Direction1 MORTOR_PWM Exposure_Time Exposure_Time1 
  Expect_Average_CCDVoltage Expect_Average_CCDVoltage1 black_line_old 
  black_line black_line_old0 black_line0 z jishu jishu1 
SECTION: ".bss"
  t s1 s2 T1 q shangpo w wd wd1 panduandaochequ panduantingche shizi zhangai 
  yanshi bian s_po_za s_shizi j f j1 j2 j3 j4 t2 m Location_Erro Location_Erro1 
  SPEED Speed_Want Speed_Erro direction_Erro renzi_s wandao1 wandao rg 
  Speed_PWM Control_PWM Control_PWM_old CCD_AD CCD_AD1 Switch_Key_Value 
  Average_CCDVoltage Average_CCDVoltage_Erro Timeflag40MS left right left1 
  right1 left_old right_old Left_Lose_old Right_Lose_old zr yr zr1 yr1 r b p 
SECTION: ".init"
  _Startup 
SECTION: ".rodata"
  F6x8 F14x16_Idx F14x16 
SECTION: ".rodata1"
  STRING.............1 STRING........2 STRING........3 STRING..........4 
SECTION: "NON_BANKED"
  F_ADDKL _FADD _FSUB _FCMP F_TOLONGK F_FRLONGK _FSFLOAT _FSTRUNC F_DIVKL 
  F_MULKL _FMUL _FDIV F_PULK F_PULL F_PSHK F_XGKL F_CLRK F_MAXK F_NORMK _BSHRU 
  _LDEC _NEG_P L_NEGK L_PSHK SL_PULK RTI_ISR POTJ_INT 
SECTION: ".abs_section_8"
  _PORTE 
SECTION: ".abs_section_9"
  _DDRE 
SECTION: ".abs_section_b"
  _MODE 
SECTION: ".abs_section_c"
  _PUCR 
SECTION: ".abs_section_d"
  _RDRIV 
SECTION: ".abs_section_10"
  _GPAGE 
SECTION: ".abs_section_11"
  _DIRECT 
SECTION: ".abs_section_13"
  _MMCCTL1 
SECTION: ".abs_section_15"
  _PPAGE 
SECTION: ".abs_section_16"
  _RPAGE 
SECTION: ".abs_section_17"
  _EPAGE 
SECTION: ".abs_section_1c"
  _ECLKCTL 
SECTION: ".abs_section_1e"
  _IRQCR 
SECTION: ".abs_section_20"
  _DBGC1 
SECTION: ".abs_section_21"
  _DBGSR 
SECTION: ".abs_section_22"
  _DBGTCR 
SECTION: ".abs_section_23"
  _DBGC2 
SECTION: ".abs_section_26"
  _DBGCNT 
SECTION: ".abs_section_27"
  _DBGSCRX 
SECTION: ".abs_section_28"
  _DBGXCTL 
SECTION: ".abs_section_29"
  _DBGXAH 
SECTION: ".abs_section_2a"
  _DBGXAM 
SECTION: ".abs_section_2b"
  _DBGXAL 
SECTION: ".abs_section_2c"
  _DBGXDH 
SECTION: ".abs_section_2d"
  _DBGXDL 
SECTION: ".abs_section_2e"
  _DBGXDHM 
SECTION: ".abs_section_2f"
  _DBGXDLM 
SECTION: ".abs_section_32"
  _PORTK 
SECTION: ".abs_section_33"
  _DDRK 
SECTION: ".abs_section_34"
  _SYNR 
SECTION: ".abs_section_35"
  _REFDV 
SECTION: ".abs_section_36"
  _POSTDIV 
SECTION: ".abs_section_37"
  _CRGFLG 
SECTION: ".abs_section_38"
  _CRGINT 
SECTION: ".abs_section_39"
  _CLKSEL 
SECTION: ".abs_section_3a"
  _PLLCTL 
SECTION: ".abs_section_3b"
  _RTICTL 
SECTION: ".abs_section_3c"
  _COPCTL 
SECTION: ".abs_section_3f"
  _ARMCOP 
SECTION: ".abs_section_40"
  _TIOS 
SECTION: ".abs_section_41"
  _CFORC 
SECTION: ".abs_section_42"
  _OC7M 
SECTION: ".abs_section_43"
  _OC7D 
SECTION: ".abs_section_46"
  _TSCR1 
SECTION: ".abs_section_47"
  _TTOV 
SECTION: ".abs_section_48"
  _TCTL1 
SECTION: ".abs_section_49"
  _TCTL2 
SECTION: ".abs_section_4a"
  _TCTL3 
SECTION: ".abs_section_4b"
  _TCTL4 
SECTION: ".abs_section_4c"
  _TIE 
SECTION: ".abs_section_4d"
  _TSCR2 
SECTION: ".abs_section_4e"
  _TFLG1 
SECTION: ".abs_section_4f"
  _TFLG2 
SECTION: ".abs_section_60"
  _PACTL 
SECTION: ".abs_section_61"
  _PAFLG 
SECTION: ".abs_section_6c"
  _OCPD 
SECTION: ".abs_section_6e"
  _PTPSR 
SECTION: ".abs_section_ca"
  _SCI0ACR2 
SECTION: ".abs_section_cb"
  _SCI0CR2 
SECTION: ".abs_section_cc"
  _SCI0SR1 
SECTION: ".abs_section_cd"
  _SCI0SR2 
SECTION: ".abs_section_ce"
  _SCI0DRH 
SECTION: ".abs_section_cf"
  _SCI0DRL 
SECTION: ".abs_section_d2"
  _SCI1ACR2 
SECTION: ".abs_section_d3"
  _SCI1CR2 
SECTION: ".abs_section_d4"
  _SCI1SR1 
SECTION: ".abs_section_d5"
  _SCI1SR2 
SECTION: ".abs_section_d6"
  _SCI1DRH 
SECTION: ".abs_section_d7"
  _SCI1DRL 
SECTION: ".abs_section_d8"
  _SPI0CR1 
SECTION: ".abs_section_d9"
  _SPI0CR2 
SECTION: ".abs_section_da"
  _SPI0BR 
SECTION: ".abs_section_db"
  _SPI0SR 
SECTION: ".abs_section_100"
  _FCLKDIV 
SECTION: ".abs_section_101"
  _FSEC 
SECTION: ".abs_section_102"
  _FCCOBIX 
SECTION: ".abs_section_103"
  _FECCRIX 
SECTION: ".abs_section_104"
  _FCNFG 
SECTION: ".abs_section_105"
  _FERCNFG 
SECTION: ".abs_section_106"
  _FSTAT 
SECTION: ".abs_section_107"
  _FERSTAT 
[...]
 01C2
------- ROM-ADDRESS: 0xCA06 ---- RAM-ADDRESS: 0x2116 ---- SIZE       2 ---
Name of initialized Object : Speed_jichu1_max
 01C2
------- ROM-ADDRESS: 0xCA08 ---- RAM-ADDRESS: 0x2118 ---- SIZE       2 ---
Name of initialized Object : Speed_jichu0
 01C2
------- ROM-ADDRESS: 0xCA0A ---- RAM-ADDRESS: 0x211A ---- SIZE       2 ---
Name of initialized Object : Speed_min
 01C2
------- ROM-ADDRESS: 0xCA0C ---- SIZE       1 ---
Filling bytes inserted
 00
------- ROM-ADDRESS: 0xCA0D ---- RAM-ADDRESS: 0x211D ---- SIZE       1 ---
Name of initialized Object : yuzhi:1
 1B
------- ROM-ADDRESS: 0xCA0E ---- SIZE       1 ---
Filling bytes inserted
 00
------- ROM-ADDRESS: 0xCA0F ---- RAM-ADDRESS: 0x211F ---- SIZE       1 ---
Name of initialized Object : yuzhi1:1
 64
------- ROM-ADDRESS: 0xCA10 ---- RAM-ADDRESS: 0x2120 ---- SIZE       2 ---
Name of initialized Object : js
 01F4
------- ROM-ADDRESS: 0xCA12 ---- SIZE       1 ---
Filling bytes inserted
 00
------- ROM-ADDRESS: 0xCA13 ---- RAM-ADDRESS: 0x2123 ---- SIZE       1 ---
Name of initialized Object : renzi:1
 2D
------- ROM-ADDRESS: 0xCA14 ---- SIZE       1 ---
Filling bytes inserted
 00
------- ROM-ADDRESS: 0xCA15 ---- RAM-ADDRESS: 0x2125 ---- SIZE       1 ---
Name of initialized Object : t_min:1
 14
------- ROM-ADDRESS: 0xCA16 ---- SIZE       1 ---
Filling bytes inserted
 00
------- ROM-ADDRESS: 0xCA17 ---- RAM-ADDRESS: 0x2127 ---- SIZE       1 ---
Name of initialized Object : t_max:1
 28
------- ROM-ADDRESS: 0xCA18 ---- RAM-ADDRESS: 0x2128 ---- SIZE       4 ---
Name of initialized Object : Kp_Speed
 40133333
------- ROM-ADDRESS: 0xCA1C ---- RAM-ADDRESS: 0x212C ---- SIZE       4 ---
Name of initialized Object : Ki_Speed
 3F0A3D71
------- ROM-ADDRESS: 0xCA20 ---- RAM-ADDRESS: 0x2130 ---- SIZE       4 ---
Name of initialized Object : Kd_Speed
 3FE66666
------- ROM-ADDRESS: 0xCA24 ---- RAM-ADDRESS: 0x2134 ---- SIZE       4 ---
Name of initialized Object : Kp_Direction
 40133333
------- ROM-ADDRESS: 0xCA28 ---- RAM-ADDRESS: 0x2138 ---- SIZE       2 ---
Name of initialized Object : Kd_Direction
 4120
------- ROM-ADDRESS: 0xCA2A ---- SIZE       2 ---
Filling bytes inserted
 0000
------- ROM-ADDRESS: 0xCA2C ---- RAM-ADDRESS: 0x213C ---- SIZE       4 ---
Name of initialized Object : Kp_Direction1
 40133333
------- ROM-ADDRESS: 0xCA30 ---- RAM-ADDRESS: 0x2140 ---- SIZE       2 ---
Name of initialized Object : Kd_Direction1
 4120
------- ROM-ADDRESS: 0xCA32 ---- SIZE       2 ---
Filling bytes inserted
 0000
------- ROM-ADDRESS: 0xCA34 ---- RAM-ADDRESS: 0x2144 ---- SIZE       2 ---
Name of initialized Object : MORTOR_PWM
 44FA
------- ROM-ADDRESS: 0xCA36 ---- SIZE       2 ---
Filling bytes inserted
 0000
------- ROM-ADDRESS: 0xCA38 ---- RAM-ADDRESS: 0x2148 ---- SIZE       1 ---
Name of initialized Object : Exposure_Time
 0A
------- ROM-ADDRESS: 0xCA39 ---- RAM-ADDRESS: 0x2149 ---- SIZE       1 ---
Name of initialized Object : Exposure_Time1
 06
------- ROM-ADDRESS: 0xCA3A ---- SIZE       1 ---
Filling bytes inserted
 00
------- ROM-ADDRESS: 0xCA3B ---- RAM-ADDRESS: 0x214B ---- SIZE       1 ---
Name of initialized Object : Expect_Average_CCDVoltage:1
 1C
------- ROM-ADDRESS: 0xCA3C ---- SIZE       1 ---
Filling bytes inserted
 00
------- ROM-ADDRESS: 0xCA3D ---- RAM-ADDRESS: 0x214D ---- SIZE       1 ---
Name of initialized Object : Expect_Average_CCDVoltage1:1
 19
------- ROM-ADDRESS: 0xCA3E ---- SIZE       1 ---
Filling bytes inserted
 00
------- ROM-ADDRESS: 0xCA3F ---- RAM-ADDRESS: 0x214F ---- SIZE       1 ---
Name of initialized Object : black_line_old:1
 40
------- ROM-ADDRESS: 0xCA40 ---- SIZE       1 ---
Filling bytes inserted
 00
------- ROM-ADDRESS: 0xCA41 ---- RAM-ADDRESS: 0x2151 ---- SIZE       1 ---
Name of initialized Object : black_line:1
 40
------- ROM-ADDRESS: 0xCA42 ---- RAM-ADDRESS: 0x2152 ---- SIZE       1 ---
Name of initialized Object : black_line_old0
 40
------- ROM-ADDRESS: 0xCA43 ---- RAM-ADDRESS: 0x2153 ---- SIZE       1 ---
Name of initialized Object : black_line0
 40
------- ROM-ADDRESS: 0xCA44 ---- RAM-ADDRESS: 0x2154 ---- SIZE       1 ---
Name of initialized Object : z
 7F
------- ROM-ADDRESS: 0xCA45 ---- SIZE       1 ---
Filling bytes inserted
 00
------- ROM-ADDRESS: 0xCA46 ---- RAM-ADDRESS: 0x2156 ---- SIZE       1 ---
Name of initialized Object : jishu:1
 64
------- ROM-ADDRESS: 0xCA47 ---- SIZE       1 ---
Filling bytes inserted
 00
------- ROM-ADDRESS: 0xCA48 ---- RAM-ADDRESS: 0x2158 ---- SIZE       1 ---
Name of initialized Object : jishu1:1
 64
------- ROM-ADDRESS: 0xCA49 ---- SIZE       2 ---
Filling bytes inserted
 0000

*********************************************************************************************
OBJECT-DEPENDENCIES SECTION
---------------------------------------------------------------------------------------------
_Startup                  USES __SEG_END_SSTACK Init main 
F_ADDKL                   USES F_XGKL F_NORMK 
_FADD                     USES F_PULK F_PULL F_ADDKL F_PSHK 
_FSUB                     USES _FADD 
_FSFLOAT                  USES SL_PULK F_FRLONGK F_PSHK 
_FSTRUNC                  USES F_PULK F_TOLONGK L_PSHK 
F_DIVKL                   USES F_MAXK F_NORMK 
F_MULKL                   USES F_CLRK F_NORMK 
_FMUL                     USES F_PULK F_PULL F_MULKL F_PSHK 
_FDIV                     USES F_PULL F_PULK F_DIVKL F_PSHK 
F_MAXK                    USES F_CLRK 
F_NORMK                   USES F_MAXK 
L_NEGK                    USES _NEG_P 
L_PSHK                    USES L_NEGK 
SL_PULK                   USES L_NEGK 
RTI_ISR                   USES t t2 _PORTAB s1 s2 Exposure_Time 
                                StartIntegration Exposure_Time1 StartIntegration1 zr yr 
                                Control_PWM _FSTRUNC _PWMDTY45 _CRGFLG 
POTJ_INT                  USES yuzhi _PTM _PIFJ 
_Vector_24                USES POTJ_INT 
_Vector_7                 USES RTI_ISR 
Init                      USES _startupData 
INT_PORT                  USES _DDRAB _PUCR _DDRK _PORTK _DDRH _DDRM _PTM 
                                _PORTAB 
ReadSpeed                 USES _PACNT _PORTK 
tiaobian_r                USES s z CCD_AD renzi 
Get_Position              USES black_line_old0 CCD_AD Get_Position left1 
                                right1 black_line0 qianzhan wandao q j4 j f 
                                panduandaochequ shangpo zhidao tiaobian_r s k renzi_s r m 
                                wandao1 Location_Erro1 yuzhi1 black_line 
Get_Position1             USES shizi black_line_old CCD_AD1 Get_Position1 left 
                                right n LED_PrintShort Exposure_Time Exposure_Time1 
                                Left_Lose_old Right_Lose_old wandao black_line j4 qianzhan q 
                                yr j2 t_min zr t_max j1 r s_shizi black_line0 
                                zhangai shangpo right1 left1 t3 left_old right_old 
                                Location_Erro n0 bian yr1 zr1 yuzhi j3 zhidao s_po_za 
chushihua                 USES _PORTAB panduandaochequ panduantingche s_po_za 
                                s_shizi Kp_Direction Kp_Direction1 bian chushihua 
                                Speed_jichu Speed_jichu1_min Speed_jichu1_max Speed_jichu0 
                                Speed_min t_min t_max Exposure_Time1 Kd_Direction 
                                Kd_Direction1 xs 
bianma                    USES _PORTAB bian 
Direction_Control         USES direction_Erro black_line xs w Control_PWM 
                                Control_PWM_old q Direction_Control Kd_Direction1 _FMUL 
                                Kp_Direction1 Kd_Direction Kp_Direction _FSUB _FADD _FDIV 
                                _FCMP zhidao wd _FSTRUNC wd1 Location_Erro _FSFLOAT 
MortorControl             USES ReadSpeed SPEED js black_line Location_Erro q 
                                yanshi Speed_jichu0 Speed_jichu MortorControl 
                                Speed_jichu1_min Speed_jichu1_max Speed_Want wd1 Speed_min d zr 
                                yr rg shangpo T1 panduantingche Speed_Erro 
                                _FSFLOAT Kp_Speed _FMUL Ki_Speed Kd_Speed Speed_PWM 
                                _FADD _FCMP _FSUB MORTOR_PWM _FSTRUNC _PWMDTY01 
StartIntegration          USES _PORTAB delay 
StartIntegration1         USES _PORTAB delay 
ImageCapture              USES _PORTAB delay AD_capture 
ImageCapture1             USES _PORTAB delay AD_capture 
SendHex                   USES SCI0_send 
SendImageData             USES SCI0_send SendHex 
Calculate_Exposure_Time   USES PixelAverage Average_CCDVoltage 
                                Expect_Average_CCDVoltage Average_CCDVoltage_Erro Exposure_Time 
Calculate_Exposure_Time1  USES PixelAverage Average_CCDVoltage 
                                Expect_Average_CCDVoltage1 Average_CCDVoltage_Erro Exposure_Time1 
Show_load1                USES left1 right1 g_aucImageBuf 
Show_load                 USES left right g_aucImageBuf 
Get_Switch_Key            USES _PORTAB Switch_Key_Value 
main                      USES MAIN_Init MAIN_OLED_Display Get_Switch_Key 
                                bianma chushihua main t CCD_AD ImageCapture CCD_AD1 
                                ImageCapture1 Calculate_Exposure_Time 
                                Calculate_Exposure_Time1 Get_Position _PORTK Get_Position1 Show_load 
                                Show_load1 Timeflag40MS jishu jishu1 t2 t3 j2 j3 T2 
                                MortorControl panduandaochequ zr _PWMDTY45 yr 
                                Direction_Control b SendImageData p g_aucImageBuf LED_PrintImage 
                                T1 s1 s2 
MAIN_Init                 USES SYSTEM_PLL_Init Init_POTJ_Int INT_PORT LED_Init 
                                Init_RTI Init_PulseACC init_pwm INIT_SCI0 INIT_AD 
MAIN_OLED_Display         USES STRING.............1 LED_P14x16Str 
                                SYSTEM_TIME_Delay LED_Fill STRING........2 STRING........3 
                                STRING..........4 
LED_WrDat                 USES _PTM 
LED_WrCmd                 USES _PTM 
LED_SetPos                USES LED_WrCmd 
LED_Fill                  USES LED_WrCmd LED_WrDat 
SetAddressingMode         USES LED_WrCmd 
SetStartLine              USES LED_WrCmd 
SetContrastControl        USES LED_WrCmd 
SetChargePump             USES LED_WrCmd 
SetSegmentRemap           USES LED_WrCmd 
SetEntireDisplay          USES LED_WrCmd 
SetInverseDisplay         USES LED_WrCmd 
SetMultiplexRatio         USES LED_WrCmd 
SetDisplayOnOff           USES LED_WrCmd 
SetCommonRemap            USES LED_WrCmd 
SetDisplayOffset          USES LED_WrCmd 
SetDisplayClock           USES LED_WrCmd 
SetPrechargePeriod        USES LED_WrCmd 
SetCommonConfig           USES LED_WrCmd 
SetVCOMH                  USES LED_WrCmd 
LED_Init                  USES _DDRM _PTM SetDisplayOnOff SetDisplayClock 
                                SetMultiplexRatio SetDisplayOffset SetStartLine SetChargePump 
                                SetAddressingMode SetSegmentRemap SetCommonRemap SetCommonConfig 
                                SetContrastControl SetPrechargePeriod SetVCOMH SetEntireDisplay 
                                SetInverseDisplay LED_Fill LED_SetPos 
LED_P6x8Char              USES LED_SetPos F6x8 LED_WrDat 
LED_P14x16Str             USES LED_P14x16Str F14x16_Idx F14x16 LED_WrDat 
                                LED_SetPos 
LED_PrintShort            USES LED_P6x8Char 
LED_PrintImage            USES LED_PrintImage LED_WrDat _BSHRU LED_SetPos 
SYSTEM_PLL_Init           USES _CLKSEL _PLLCTL _CRGINT _SYNR _REFDV _CRGFLG 
Init_RTI                  USES _RTICTL _CRGINT 
Init_POTJ_Int             USES _PPSJ _PIEJ 
Init_PulseACC             USES _TSCR1 _PACTL _PACNT 
init_pwm                  USES _PWME _PWMCLK _PWMPRCLK _PWMPOL _PWMCAE _PWMCTL 
                                _PWMSCLA _PWMSCLB _PWMPER01 _PWMPER23 _PWMPER45 
                                _PWMPER67 _PWMDTY01 _PWMDTY23 _PWMDTY45 _PWMDTY67 
INIT_SCI0                 USES _SCI0BD _SCI0ACR2 _SCI0CR2 
SCI0_send                 USES _SCI0SR1 _SCI0DRL 
INIT_AD                   USES _ATD0CTL45 _ATD0CTL23 _ATD0CTL01 
AD_capture                USES _ATD0CTL45 _ATD0STAT0 _ATD0DR0 
SYSTEM_TIME_Delay         USES _LDEC 

*********************************************************************************************
DEPENDENCY TREE
*********************************************************************************************
 main and _Startup Group
 | 
 +- main                
 |  | 
 |  +- MAIN_Init           
 |  |  | 
 |  |  +- SYSTEM_PLL_Init     
 |  |  |    
 |  |  +- Init_POTJ_Int       
 |  |  |    
 |  |  +- INT_PORT            
 |  |  |    
 |  |  +- LED_Init            
 |  |  |  | 
 |  |  |  +- SetDisplayOnOff     
 |  |  |  |  | 
 |  |  |  |  +- LED_WrCmd           
 |  |  |  |       
 |  |  |  +- SetDisplayClock     
 |  |  |  |  | 
 |  |  |  |  +- LED_WrCmd            (see above)
 |  |  |  |     
 |  |  |  +- SetMultiplexRatio   
 |  |  |  |  | 
 |  |  |  |  +- LED_WrCmd            (see above)
 |  |  |  |     
 |  |  |  +- SetDisplayOffset    
 |  |  |  |  | 
 |  |  |  |  +- LED_WrCmd            (see above)
 |  |  |  |     
 |  |  |  +- SetStartLine        
 |  |  |  |  | 
 |  |  |  |  +- LED_WrCmd            (see above)
 |  |  |  |     
 |  |  |  +- SetChargePump       
 |  |  |  |  | 
 |  |  |  |  +- LED_WrCmd            (see above)
 |  |  |  |     
 |  |  |  +- SetAddressingMode   
 |  |  |  |  | 
 |  |  |  |  +- LED_WrCmd            (see above)
 |  |  |  |     
 |  |  |  +- SetSegmentRemap     
 |  |  |  |  | 
 |  |  |  |  +- LED_WrCmd            (see above)
 |  |  |  |     
 |  |  |  +- SetCommonRemap      
 |  |  |  |  | 
 |  |  |  |  +- LED_WrCmd            (see above)
 |  |  |  |     
 |  |  |  +- SetCommonConfig     
 |  |  |  |  | 
 |  |  |  |  +- LED_WrCmd            (see above)
 |  |  |  |     
 |  |  |  +- SetContrastControl  
 |  |  |  |  | 
 |  |  |  |  +- LED_WrCmd            (see above)
 |  |  |  |     
 |  |  |  +- SetPrechargePeriod  
 |  |  |  |  | 
 |  |  |  |  +- LED_WrCmd            (see above)
 |  |  |  |     
 |  |  |  +- SetVCOMH            
 |  |  |  |  | 
 |  |  |  |  +- LED_WrCmd            (see above)
 |  |  |  |     
 |  |  |  +- SetEntireDisplay    
 |  |  |  |  | 
 |  |  |  |  +- LED_WrCmd            (see above)
 |  |  |  |     
 |  |  |  +- SetInverseDisplay   
 |  |  |  |  | 
 |  |  |  |  +- LED_WrCmd            (see above)
 |  |  |  |     
 |  |  |  +- LED_Fill            
 |  |  |  |  | 
 |  |  |  |  +- LED_WrCmd            (see above)
 |  |  |  |  |  
 |  |  |  |  +- LED_WrDat           
 |  |  |  |       
 |  |  |  +- LED_SetPos          
 |  |  |     | 
 |  |  |     +- LED_WrCmd            (see above)
 |  |  |        
 |  |  +- Init_RTI            
 |  |  |    
 |  |  +- Init_PulseACC       
 |  |  |    
 |  |  +- init_pwm            
 |  |  |    
 |  |  +- INIT_SCI0           
 |  |  |    
 |  |  +- INIT_AD             
 |  |       
 |  +- MAIN_OLED_Display   
 |  |  | 
 |  |  +- LED_P14x16Str       
 |  |  |  | 
 |  |  |  +- LED_WrDat            (see above)
 |  |  |  |  
 |  |  |  +- LED_SetPos           (see above)
 |  |  |     
 |  |  +- SYSTEM_TIME_Delay   
 |  |  |  | 
 |  |  |  +- _LDEC               
 |  |  |       
 |  |  +- LED_Fill             (see above)
 |  |     
 |  +- Get_Switch_Key      
 |  |    
 |  +- bianma              
 |  |    
 |  +- chushihua           
 |  |    
 |  +- ImageCapture        
 |  |  | 
 |  |  +- delay               
 |  |  |    
 |  |  +- AD_capture          
 |  |       
 |  +- ImageCapture1       
 |  |  | 
 |  |  +- delay                (see above)
 |  |  |  
 |  |  +- AD_capture           (see above)
 |  |     
 |  +- Calculate_Exposure_Time
 |  |  | 
 |  |  +- PixelAverage        
 |  |       
 |  +- Calculate_Exposure_Time1
 |  |  | 
 |  |  +- PixelAverage         (see above)
 |  |     
 |  +- Get_Position        
 |  |  | 
 |  |  +- tiaobian_r          
 |  |       
 |  +- Get_Position1       
 |  |  | 
 |  |  +- LED_PrintShort      
 |  |     | 
 |  |     +- LED_P6x8Char        
 |  |        | 
 |  |        +- LED_SetPos           (see above)
 |  |        |  
 |  |        +- LED_WrDat            (see above)
 |  |           
 |  +- Show_load           
 |  |    
 |  +- Show_load1          
 |  |    
 |  +- MortorControl       
 |  |  | 
 |  |  +- ReadSpeed           
 |  |  |    
 |  |  +- _FSFLOAT            
 |  |  |  | 
 |  |  |  +- SL_PULK             
 |  |  |  |  | 
 |  |  |  |  +- L_NEGK              
 |  |  |  |     | 
 |  |  |  |     +- _NEG_P              
 |  |  |  |          
 |  |  |  +- F_FRLONGK           
 |  |  |  |    
 |  |  |  +- F_PSHK              
 |  |  |       
 |  |  +- _FMUL               
 |  |  |  | 
 |  |  |  +- F_PULK              
 |  |  |  |    
 |  |  |  +- F_PULL              
 |  |  |  |    
 |  |  |  +- F_MULKL             
 |  |  |  |  | 
 |  |  |  |  +- F_CLRK              
 |  |  |  |  |    
 |  |  |  |  +- F_NORMK             
 |  |  |  |     | 
 |  |  |  |     +- F_MAXK              
 |  |  |  |        | 
 |  |  |  |        +- F_CLRK               (see above)
 |  |  |  |           
 |  |  |  +- F_PSHK               (see above)
 |  |  |     
 |  |  +- _FADD               
 |  |  |  | 
 |  |  |  +- F_PULK               (see above)
 |  |  |  |  
 |  |  |  +- F_PULL               (see above)
 |  |  |  |  
 |  |  |  +- F_ADDKL             
 |  |  |  |  | 
 |  |  |  |  +- F_XGKL              
 |  |  |  |  |    
 |  |  |  |  +- F_NORMK              (see above)
 |  |  |  |     
 |  |  |  +- F_PSHK               (see above)
 |  |  |     
 |  |  +- _FCMP               
 |  |  |    
 |  |  +- _FSUB               
 |  |  |  | 
 |  |  |  +- _FADD                (see above)
 |  |  |     
 |  |  +- _FSTRUNC            
 |  |     | 
 |  |     +- F_PULK               (see above)
 |  |     |  
 |  |     +- F_TOLONGK           
 |  |     |    
 |  |     +- L_PSHK              
 |  |        | 
 |  |        +- L_NEGK               (see above)
 |  |           
 |  +- Direction_Control   
 |  |  | 
 |  |  +- _FMUL                (see above)
 |  |  |  
 |  |  +- _FSUB                (see above)
 |  |  |  
 |  |  +- _FADD                (see above)
 |  |  |  
 |  |  +- _FDIV               
 |  |  |  | 
 |  |  |  +- F_PULL               (see above)
 |  |  |  |  
 |  |  |  +- F_PULK               (see above)
 |  |  |  |  
 |  |  |  +- F_DIVKL             
 |  |  |  |  | 
 |  |  |  |  +- F_MAXK               (see above)
 |  |  |  |  |  
 |  |  |  |  +- F_NORMK              (see above)
 |  |  |  |     
 |  |  |  +- F_PSHK               (see above)
 |  |  |     
 |  |  +- _FCMP                (see above)
 |  |  |  
 |  |  +- _FSTRUNC             (see above)
 |  |  |  
 |  |  +- _FSFLOAT             (see above)
 |  |     
 |  +- SendImageData       
 |  |  | 
 |  |  +- SCI0_send           
 |  |  |    
 |  |  +- SendHex             
 |  |     | 
 |  |     +- SCI0_send            (see above)
 |  |        
 |  +- LED_PrintImage      
 |     | 
 |     +- LED_WrDat            (see above)
 |     |  
 |     +- _BSHRU              
 |     |    
 |     +- LED_SetPos           (see above)
 |        
 +- _Startup            
    | 
    +- Init                
    |    
    +- main                 (see above)
       
 _Vector_7           
 | 
 +- RTI_ISR             
    | 
    +- StartIntegration    
    |  | 
    |  +- delay                (see above)
    |     
    +- StartIntegration1   
    |  | 
    |  +- delay                (see above)
    |     
    +- _FSTRUNC             (see above)
       
 _Vector_24          
 | 
 +- POTJ_INT            
      
*********************************************************************************************
STATISTIC SECTION
---------------------------------------------------------------------------------------------

ExeFile:
--------
Number of blocks to be downloaded: 9
Total size of all blocks to be downloaded: 8511

